nohup: ignoring input
--- BENCHMARK TRAINING QUEUE (Concurrency=5) ---
Engine: run_repro_experiment.py (Scientific Alignment Mode, Grouped Folds)
Parameter overrides: {'d_model': 64, 'n_blocks': 4, 'num_attn_heads': 4, 'd_ff': 256, 'learning_rate': 0.0001, 'optimizer': 'adam', 'dropout': 0.1, 'ablation': 'none', 'lambda_sup': 1.0, 'lambda_ref': 0.5, 'lambda_probe': 1.0, 'epochs': 200}
[QUEUE] gtransformer on algebra2005 fold 0 (GPU 1)
[QUEUE] gtransformer on algebra2005 fold 1 (GPU 2)
[QUEUE] gtransformer on algebra2005 fold 2 (GPU 3)
[QUEUE] gtransformer on algebra2005 fold 3 (GPU 4)
[QUEUE] gtransformer on algebra2005 fold 4 (GPU 5)
[QUEUE] gtransformer on assist2015 fold 0 (GPU 1)
[QUEUE] gtransformer on assist2015 fold 1 (GPU 2)
[QUEUE] gtransformer on assist2015 fold 2 (GPU 3)
[QUEUE] gtransformer on assist2015 fold 3 (GPU 4)
[QUEUE] gtransformer on assist2015 fold 4 (GPU 5)
[QUEUE] gtransformer on bridge2algebra2006 fold 0 (GPU 1)
[QUEUE] gtransformer on bridge2algebra2006 fold 1 (GPU 2)
[QUEUE] gtransformer on bridge2algebra2006 fold 2 (GPU 3)
[QUEUE] gtransformer on bridge2algebra2006 fold 3 (GPU 4)
[QUEUE] gtransformer on bridge2algebra2006 fold 4 (GPU 5)
[QUEUE] gtransformer on nips_task34 fold 0 (GPU 1)
[QUEUE] gtransformer on nips_task34 fold 1 (GPU 2)
[QUEUE] gtransformer on nips_task34 fold 2 (GPU 3)
[QUEUE] gtransformer on nips_task34 fold 3 (GPU 4)
[QUEUE] gtransformer on nips_task34 fold 4 (GPU 5)
[COMPLETE] ('gtransformer', 'algebra2005', 2, 0)
[COMPLETE] ('gtransformer', 'algebra2005', 1, 0)
[COMPLETE] ('gtransformer', 'algebra2005', 3, 0)
[COMPLETE] ('gtransformer', 'algebra2005', 0, 0)
[COMPLETE] ('gtransformer', 'algebra2005', 4, 0)
[COMPLETE] ('gtransformer', 'assist2015', 3, 0)
[COMPLETE] ('gtransformer', 'assist2015', 2, 0)
[COMPLETE] ('gtransformer', 'assist2015', 1, 0)
[COMPLETE] ('gtransformer', 'assist2015', 4, 0)
[COMPLETE] ('gtransformer', 'assist2015', 0, 0)
[COMPLETE] ('gtransformer', 'bridge2algebra2006', 1, 0)
[COMPLETE] ('gtransformer', 'bridge2algebra2006', 0, 0)
[COMPLETE] ('gtransformer', 'bridge2algebra2006', 3, 0)
[COMPLETE] ('gtransformer', 'bridge2algebra2006', 2, 0)
[COMPLETE] ('gtransformer', 'bridge2algebra2006', 4, 0)
[COMPLETE] ('gtransformer', 'nips_task34', 1, 0)
[COMPLETE] ('gtransformer', 'nips_task34', 3, 0)
[COMPLETE] ('gtransformer', 'nips_task34', 2, 0)
[COMPLETE] ('gtransformer', 'nips_task34', 4, 0)
[COMPLETE] ('gtransformer', 'nips_task34', 0, 0)
