--- BENCHMARK TRAINING QUEUE (Concurrency=5) ---
Engine: run_repro_experiment.py (Scientific Alignment Mode, Grouped Folds)
Parameter overrides: {'n_blocks': 4, 'num_attn_heads': 4, 'ablation': 'none'}
[QUEUE] gtransformer on assist2015 fold 0 (GPU 1)
--- BENCHMARK TRAINING QUEUE (Concurrency=7) ---
Engine: run_repro_experiment.py (Scientific Alignment Mode, Grouped Folds)
Parameter overrides: {'ablation': 'all'}
[QUEUE] gtransformer on assist2009 fold 0 (GPU 1)
[QUEUE] gtransformer on assist2009 fold 1 (GPU 2)
[QUEUE] gtransformer on assist2009 fold 2 (GPU 3)
[QUEUE] gtransformer on assist2009 fold 3 (GPU 4)
[QUEUE] gtransformer on assist2009 fold 4 (GPU 5)
[QUEUE] gtransformer on assist2015 fold 0 (GPU 6)
[QUEUE] gtransformer on assist2015 fold 1 (GPU 7)
[QUEUE] gtransformer on assist2015 fold 2 (GPU 1)
[QUEUE] gtransformer on assist2015 fold 3 (GPU 2)
[QUEUE] gtransformer on assist2015 fold 4 (GPU 3)
[QUEUE] gtransformer on algebra2005 fold 0 (GPU 4)
[QUEUE] gtransformer on algebra2005 fold 1 (GPU 5)
[QUEUE] gtransformer on algebra2005 fold 2 (GPU 6)
[QUEUE] gtransformer on algebra2005 fold 3 (GPU 7)
[QUEUE] gtransformer on algebra2005 fold 4 (GPU 1)
[QUEUE] gtransformer on bridge2algebra2006 fold 0 (GPU 2)
[QUEUE] gtransformer on bridge2algebra2006 fold 1 (GPU 3)
[QUEUE] gtransformer on bridge2algebra2006 fold 2 (GPU 4)
[QUEUE] gtransformer on bridge2algebra2006 fold 3 (GPU 5)
[QUEUE] gtransformer on bridge2algebra2006 fold 4 (GPU 6)
[QUEUE] gtransformer on nips_task34 fold 0 (GPU 7)
[QUEUE] gtransformer on nips_task34 fold 1 (GPU 1)
[QUEUE] gtransformer on nips_task34 fold 2 (GPU 2)
[QUEUE] gtransformer on nips_task34 fold 3 (GPU 3)
[QUEUE] gtransformer on nips_task34 fold 4 (GPU 4)
[COMPLETE] ('gtransformer', 'assist2009', 0, 1)
[COMPLETE] ('gtransformer', 'assist2015', 2, 1)
[COMPLETE] ('gtransformer', 'assist2009', 1, 1)
[COMPLETE] ('gtransformer', 'assist2015', 3, 1)
[COMPLETE] ('gtransformer', 'assist2009', 2, 1)
Traceback (most recent call last):
  File "examples/run_benchmarks_paper.py", line 664, in main
    for future in as_completed(futures):
  File "/usr/lib/python3.8/concurrent/futures/_base.py", line 244, in as_completed
    waiter.event.wait(wait_timeout)
  File "/usr/lib/python3.8/threading.py", line 558, in wait
    signaled = self._cond.wait(timeout)
  File "/usr/lib/python3.8/threading.py", line 302, in wait
    waiter.acquire()
KeyboardInterrupt

During handling of the above exception, another exception occurred:

Traceback (most recent call last):
  File "examples/run_benchmarks_paper.py", line 1299, in <module>
    main()
  File "examples/run_benchmarks_paper.py", line 665, in main
    print(f"[COMPLETE] {future.result()}")
  File "/usr/lib/python3.8/concurrent/futures/_base.py", line 644, in __exit__
    self.shutdown(wait=True)
  File "/usr/lib/python3.8/concurrent/futures/process.py", line 686, in shutdown
    self._queue_management_thread.join()
  File "/usr/lib/python3.8/threading.py", line 1011, in join
    self._wait_for_tstate_lock()
  File "/usr/lib/python3.8/threading.py", line 1027, in _wait_for_tstate_lock
    elif lock.acquire(block, timeout):
KeyboardInterrupt
Process ForkProcess-5:
Traceback (most recent call last):
  File "/usr/lib/python3.8/multiprocessing/process.py", line 315, in _bootstrap
    self.run()
  File "/usr/lib/python3.8/multiprocessing/process.py", line 108, in run
    self._target(*self._args, **self._kwargs)
  File "/usr/lib/python3.8/concurrent/futures/process.py", line 233, in _process_worker
    call_item = call_queue.get(block=True)
  File "/usr/lib/python3.8/multiprocessing/queues.py", line 97, in get
    res = self._recv_bytes()
  File "/usr/lib/python3.8/multiprocessing/connection.py", line 216, in recv_bytes
    buf = self._recv_bytes(maxlength)
  File "/usr/lib/python3.8/multiprocessing/connection.py", line 414, in _recv_bytes
    buf = self._recv(4)
  File "/usr/lib/python3.8/multiprocessing/connection.py", line 379, in _recv
    chunk = read(handle, remaining)
KeyboardInterrupt
Error in atexit._run_exitfuncs:
Traceback (most recent call last):
  File "/usr/lib/python3.8/concurrent/futures/process.py", line 104, in _python_exit
    t.join()
  File "/usr/lib/python3.8/threading.py", line 1011, in join
    self._wait_for_tstate_lock()
  File "/usr/lib/python3.8/threading.py", line 1027, in _wait_for_tstate_lock
    elif lock.acquire(block, timeout):
KeyboardInterrupt
Process ForkProcess-4:
Traceback (most recent call last):
  File "/usr/lib/python3.8/multiprocessing/process.py", line 315, in _bootstrap
    self.run()
  File "/usr/lib/python3.8/multiprocessing/process.py", line 108, in run
    self._target(*self._args, **self._kwargs)
  File "/usr/lib/python3.8/concurrent/futures/process.py", line 233, in _process_worker
    call_item = call_queue.get(block=True)
  File "/usr/lib/python3.8/multiprocessing/queues.py", line 96, in get
    with self._rlock:
  File "/usr/lib/python3.8/multiprocessing/synchronize.py", line 95, in __enter__
    return self._semlock.__enter__()
KeyboardInterrupt
Process ForkProcess-1:
Traceback (most recent call last):
  File "/usr/lib/python3.8/multiprocessing/process.py", line 315, in _bootstrap
    self.run()
  File "/usr/lib/python3.8/multiprocessing/process.py", line 108, in run
    self._target(*self._args, **self._kwargs)
  File "/usr/lib/python3.8/concurrent/futures/process.py", line 233, in _process_worker
    call_item = call_queue.get(block=True)
  File "/usr/lib/python3.8/multiprocessing/queues.py", line 96, in get
    with self._rlock:
  File "/usr/lib/python3.8/multiprocessing/synchronize.py", line 95, in __enter__
    return self._semlock.__enter__()
KeyboardInterrupt
Error in atexit._run_exitfuncs:
Traceback (most recent call last):
  File "/usr/lib/python3.8/multiprocessing/popen_fork.py", line 27, in poll
    pid, sts = os.waitpid(self.pid, flag)
KeyboardInterrupt
Process ForkProcess-7:
Traceback (most recent call last):
  File "/usr/lib/python3.8/multiprocessing/process.py", line 315, in _bootstrap
    self.run()
  File "/usr/lib/python3.8/multiprocessing/process.py", line 108, in run
    self._target(*self._args, **self._kwargs)
  File "/usr/lib/python3.8/concurrent/futures/process.py", line 233, in _process_worker
    call_item = call_queue.get(block=True)
  File "/usr/lib/python3.8/multiprocessing/queues.py", line 96, in get
    with self._rlock:
  File "/usr/lib/python3.8/multiprocessing/synchronize.py", line 95, in __enter__
    return self._semlock.__enter__()
KeyboardInterrupt
Process ForkProcess-6:
Traceback (most recent call last):
  File "/usr/lib/python3.8/multiprocessing/process.py", line 315, in _bootstrap
    self.run()
  File "/usr/lib/python3.8/multiprocessing/process.py", line 108, in run
    self._target(*self._args, **self._kwargs)
  File "/usr/lib/python3.8/concurrent/futures/process.py", line 233, in _process_worker
    call_item = call_queue.get(block=True)
  File "/usr/lib/python3.8/multiprocessing/queues.py", line 96, in get
    with self._rlock:
  File "/usr/lib/python3.8/multiprocessing/synchronize.py", line 95, in __enter__
    return self._semlock.__enter__()
KeyboardInterrupt
Process ForkProcess-2:
Traceback (most recent call last):
  File "/usr/lib/python3.8/multiprocessing/process.py", line 315, in _bootstrap
    self.run()
  File "/usr/lib/python3.8/multiprocessing/process.py", line 108, in run
    self._target(*self._args, **self._kwargs)
  File "/usr/lib/python3.8/concurrent/futures/process.py", line 233, in _process_worker
    call_item = call_queue.get(block=True)
  File "/usr/lib/python3.8/multiprocessing/queues.py", line 96, in get
    with self._rlock:
  File "/usr/lib/python3.8/multiprocessing/synchronize.py", line 95, in __enter__
    return self._semlock.__enter__()
KeyboardInterrupt
Process ForkProcess-3:
Traceback (most recent call last):
  File "/usr/lib/python3.8/multiprocessing/process.py", line 315, in _bootstrap
    self.run()
  File "/usr/lib/python3.8/multiprocessing/process.py", line 108, in run
    self._target(*self._args, **self._kwargs)
  File "/usr/lib/python3.8/concurrent/futures/process.py", line 233, in _process_worker
    call_item = call_queue.get(block=True)
  File "/usr/lib/python3.8/multiprocessing/queues.py", line 97, in get
    res = self._recv_bytes()
  File "/usr/lib/python3.8/multiprocessing/connection.py", line 216, in recv_bytes
    buf = self._recv_bytes(maxlength)
  File "/usr/lib/python3.8/multiprocessing/connection.py", line 414, in _recv_bytes
    buf = self._recv(4)
  File "/usr/lib/python3.8/multiprocessing/connection.py", line 379, in _recv
    chunk = read(handle, remaining)
KeyboardInterrupt
--- BENCHMARK TRAINING QUEUE (Concurrency=6) ---
Engine: run_repro_experiment.py (Scientific Alignment Mode, Grouped Folds)
[QUEUE] gtransformer on assist20 fold 0 (GPU 0)
Process ForkProcess-1:
Traceback (most recent call last):
  File "/usr/lib/python3.8/multiprocessing/process.py", line 315, in _bootstrap
    self.run()
  File "/usr/lib/python3.8/multiprocessing/process.py", line 108, in run
    self._target(*self._args, **self._kwargs)
  File "/usr/lib/python3.8/concurrent/futures/process.py", line 233, in _process_worker
    call_item = call_queue.get(block=True)
  File "/usr/lib/python3.8/multiprocessing/queues.py", line 96, in get
    with self._rlock:
  File "/usr/lib/python3.8/multiprocessing/synchronize.py", line 95, in __enter__
    return self._semlock.__enter__()
KeyboardInterrupt
Process ForkProcess-6:
Traceback (most recent call last):
  File "/usr/lib/python3.8/multiprocessing/process.py", line 315, in _bootstrap
    self.run()
  File "/usr/lib/python3.8/multiprocessing/process.py", line 108, in run
    self._target(*self._args, **self._kwargs)
  File "/usr/lib/python3.8/concurrent/futures/process.py", line 233, in _process_worker
    call_item = call_queue.get(block=True)
  File "/usr/lib/python3.8/multiprocessing/queues.py", line 97, in get
    res = self._recv_bytes()
  File "/usr/lib/python3.8/multiprocessing/connection.py", line 216, in recv_bytes
    buf = self._recv_bytes(maxlength)
  File "/usr/lib/python3.8/multiprocessing/connection.py", line 414, in _recv_bytes
    buf = self._recv(4)
  File "/usr/lib/python3.8/multiprocessing/connection.py", line 379, in _recv
    chunk = read(handle, remaining)
KeyboardInterrupt
[QUEUE] gtransformer on assist20 fold 1 (GPU 1)
[QUEUE] gtransformer on assist20 fold 2 (GPU 2)
[QUEUE] gtransformer on assist20 fold 3 (GPU 3)
[QUEUE] gtransformer on assist20 fold 4 (GPU 4)
[COMPLETE] ('gtransformer', 'assist20', 0, 1)
Traceback (most recent call last):
  File "examples/run_benchmarks_paper.py", line 1299, in <module>
    main()
  File "examples/run_benchmarks_paper.py", line 664, in main
    for future in as_completed(futures):
  File "/usr/lib/python3.8/concurrent/futures/_base.py", line 244, in as_completed
    waiter.event.wait(wait_timeout)
  File "/usr/lib/python3.8/threading.py", line 558, in wait
    signaled = self._cond.wait(timeout)
  File "/usr/lib/python3.8/threading.py", line 302, in wait
    waiter.acquire()
KeyboardInterrupt
--- BENCHMARK TRAINING QUEUE (Concurrency=6) ---
Engine: run_repro_experiment.py (Scientific Alignment Mode, Grouped Folds)
Parameter overrides: {'model_name': 'gtransformer', 'datasets': 'nips_task34', 'folds': 0, 'seed': 42, 'd_model': 64, 'n_blocks': 4, 'num_attn_heads': 4, 'dropout': 0.1, 'learning_rate': 0.0003, 'lambda_ref': 0.0, 'ablation': 'all', 'epochs': 200}
[QUEUE] gtransformer on assist2009 fold 0 (GPU 2)
[QUEUE] gtransformer on assist2009 fold 1 (GPU 3)
[QUEUE] gtransformer on assist2009 fold 2 (GPU 4)
[QUEUE] gtransformer on assist2009 fold 3 (GPU 5)
[QUEUE] gtransformer on assist2009 fold 4 (GPU 6)
[QUEUE] gtransformer on assist2015 fold 0 (GPU 7)
[QUEUE] gtransformer on assist2015 fold 1 (GPU 2)
[QUEUE] gtransformer on assist2015 fold 2 (GPU 3)
[QUEUE] gtransformer on assist2015 fold 3 (GPU 4)
[QUEUE] gtransformer on assist2015 fold 4 (GPU 5)
[QUEUE] gtransformer on bridge2algebra2006 fold 0 (GPU 6)
[QUEUE] gtransformer on bridge2algebra2006 fold 1 (GPU 7)
[QUEUE] gtransformer on bridge2algebra2006 fold 2 (GPU 2)
[QUEUE] gtransformer on bridge2algebra2006 fold 3 (GPU 3)
[QUEUE] gtransformer on bridge2algebra2006 fold 4 (GPU 4)
[QUEUE] gtransformer on nips_task34 fold 0 (GPU 5)
[QUEUE] gtransformer on nips_task34 fold 1 (GPU 6)
[QUEUE] gtransformer on nips_task34 fold 2 (GPU 7)
[QUEUE] gtransformer on nips_task34 fold 3 (GPU 2)
[QUEUE] gtransformer on nips_task34 fold 4 (GPU 3)
[QUEUE] gtransformer on algebra2005 fold 0 (GPU 4)
[QUEUE] gtransformer on algebra2005 fold 1 (GPU 5)
[QUEUE] gtransformer on algebra2005 fold 2 (GPU 6)
[QUEUE] gtransformer on algebra2005 fold 3 (GPU 7)
[QUEUE] gtransformer on algebra2005 fold 4 (GPU 2)
[QUEUE] akt on assist2009 fold 0 (GPU 3)
[QUEUE] akt on assist2009 fold 1 (GPU 4)
[QUEUE] akt on assist2009 fold 2 (GPU 5)
[QUEUE] akt on assist2009 fold 3 (GPU 6)
[QUEUE] akt on assist2009 fold 4 (GPU 7)
[QUEUE] akt on assist2015 fold 0 (GPU 2)
[QUEUE] akt on assist2015 fold 1 (GPU 3)
[QUEUE] akt on assist2015 fold 2 (GPU 4)
[QUEUE] akt on assist2015 fold 3 (GPU 5)
[QUEUE] akt on assist2015 fold 4 (GPU 6)
[QUEUE] akt on bridge2algebra2006 fold 0 (GPU 7)
[QUEUE] akt on bridge2algebra2006 fold 1 (GPU 2)
[QUEUE] akt on bridge2algebra2006 fold 2 (GPU 3)
[QUEUE] akt on bridge2algebra2006 fold 3 (GPU 4)
[QUEUE] akt on bridge2algebra2006 fold 4 (GPU 5)
[QUEUE] akt on nips_task34 fold 0 (GPU 6)
[QUEUE] akt on nips_task34 fold 1 (GPU 7)
[QUEUE] akt on nips_task34 fold 2 (GPU 2)
[QUEUE] akt on nips_task34 fold 3 (GPU 3)
[QUEUE] akt on nips_task34 fold 4 (GPU 4)
[QUEUE] akt on algebra2005 fold 0 (GPU 5)
[QUEUE] akt on algebra2005 fold 1 (GPU 6)
[QUEUE] akt on algebra2005 fold 2 (GPU 7)
[QUEUE] akt on algebra2005 fold 3 (GPU 2)
[QUEUE] akt on algebra2005 fold 4 (GPU 3)
[QUEUE] dkt on assist2009 fold 0 (GPU 4)
[QUEUE] dkt on assist2009 fold 1 (GPU 5)
[QUEUE] dkt on assist2009 fold 2 (GPU 6)
[QUEUE] dkt on assist2009 fold 3 (GPU 7)
[QUEUE] dkt on assist2009 fold 4 (GPU 2)
[QUEUE] dkt on assist2015 fold 0 (GPU 3)
[QUEUE] dkt on assist2015 fold 1 (GPU 4)
[QUEUE] dkt on assist2015 fold 2 (GPU 5)
[QUEUE] dkt on assist2015 fold 3 (GPU 6)
[QUEUE] dkt on assist2015 fold 4 (GPU 7)
[QUEUE] dkt on bridge2algebra2006 fold 0 (GPU 2)
[QUEUE] dkt on bridge2algebra2006 fold 1 (GPU 3)
[QUEUE] dkt on bridge2algebra2006 fold 2 (GPU 4)
[QUEUE] dkt on bridge2algebra2006 fold 3 (GPU 5)
[QUEUE] dkt on bridge2algebra2006 fold 4 (GPU 6)
[QUEUE] dkt on nips_task34 fold 0 (GPU 7)
[QUEUE] dkt on nips_task34 fold 1 (GPU 2)
[QUEUE] dkt on nips_task34 fold 2 (GPU 3)
[QUEUE] dkt on nips_task34 fold 3 (GPU 4)
[QUEUE] dkt on nips_task34 fold 4 (GPU 5)
[QUEUE] dkt on algebra2005 fold 0 (GPU 6)
[QUEUE] dkt on algebra2005 fold 1 (GPU 7)
[QUEUE] dkt on algebra2005 fold 2 (GPU 2)
[QUEUE] dkt on algebra2005 fold 3 (GPU 3)
[QUEUE] dkt on algebra2005 fold 4 (GPU 4)
[QUEUE] sakt on assist2009 fold 0 (GPU 5)
[QUEUE] sakt on assist2009 fold 1 (GPU 6)
[QUEUE] sakt on assist2009 fold 2 (GPU 7)
[QUEUE] sakt on assist2009 fold 3 (GPU 2)
[QUEUE] sakt on assist2009 fold 4 (GPU 3)
[QUEUE] sakt on assist2015 fold 0 (GPU 4)
[QUEUE] sakt on assist2015 fold 1 (GPU 5)
[QUEUE] sakt on assist2015 fold 2 (GPU 6)
[QUEUE] sakt on assist2015 fold 3 (GPU 7)
[QUEUE] sakt on assist2015 fold 4 (GPU 2)
[QUEUE] sakt on bridge2algebra2006 fold 0 (GPU 3)
[QUEUE] sakt on bridge2algebra2006 fold 1 (GPU 4)
[QUEUE] sakt on bridge2algebra2006 fold 2 (GPU 5)
[QUEUE] sakt on bridge2algebra2006 fold 3 (GPU 6)
[QUEUE] sakt on bridge2algebra2006 fold 4 (GPU 7)
[QUEUE] sakt on nips_task34 fold 0 (GPU 2)
[QUEUE] sakt on nips_task34 fold 1 (GPU 3)
[QUEUE] sakt on nips_task34 fold 2 (GPU 4)
[QUEUE] sakt on nips_task34 fold 3 (GPU 5)
[QUEUE] sakt on nips_task34 fold 4 (GPU 6)
[QUEUE] sakt on algebra2005 fold 0 (GPU 7)
[QUEUE] sakt on algebra2005 fold 1 (GPU 2)
[QUEUE] sakt on algebra2005 fold 2 (GPU 3)
[QUEUE] sakt on algebra2005 fold 3 (GPU 4)
[QUEUE] sakt on algebra2005 fold 4 (GPU 5)
[QUEUE] saint on assist2009 fold 0 (GPU 6)
[QUEUE] saint on assist2009 fold 1 (GPU 7)
[QUEUE] saint on assist2009 fold 2 (GPU 2)
[QUEUE] saint on assist2009 fold 3 (GPU 3)
[QUEUE] saint on assist2009 fold 4 (GPU 4)
[QUEUE] saint on assist2015 fold 0 (GPU 5)
[QUEUE] saint on assist2015 fold 1 (GPU 6)
[QUEUE] saint on assist2015 fold 2 (GPU 7)
[QUEUE] saint on assist2015 fold 3 (GPU 2)
[QUEUE] saint on assist2015 fold 4 (GPU 3)
[QUEUE] saint on bridge2algebra2006 fold 0 (GPU 4)
[QUEUE] saint on bridge2algebra2006 fold 1 (GPU 5)
[QUEUE] saint on bridge2algebra2006 fold 2 (GPU 6)
[QUEUE] saint on bridge2algebra2006 fold 3 (GPU 7)
[QUEUE] saint on bridge2algebra2006 fold 4 (GPU 2)
[QUEUE] saint on nips_task34 fold 0 (GPU 3)
[QUEUE] saint on nips_task34 fold 1 (GPU 4)
[QUEUE] saint on nips_task34 fold 2 (GPU 5)
[QUEUE] saint on nips_task34 fold 3 (GPU 6)
[QUEUE] saint on nips_task34 fold 4 (GPU 7)
[QUEUE] saint on algebra2005 fold 0 (GPU 2)
[QUEUE] saint on algebra2005 fold 1 (GPU 3)
[QUEUE] saint on algebra2005 fold 2 (GPU 4)
[QUEUE] saint on algebra2005 fold 3 (GPU 5)
[QUEUE] saint on algebra2005 fold 4 (GPU 6)
[QUEUE] dkvmn on assist2009 fold 0 (GPU 7)
[QUEUE] dkvmn on assist2009 fold 1 (GPU 2)
[QUEUE] dkvmn on assist2009 fold 2 (GPU 3)
[QUEUE] dkvmn on assist2009 fold 3 (GPU 4)
[QUEUE] dkvmn on assist2009 fold 4 (GPU 5)
[QUEUE] dkvmn on assist2015 fold 0 (GPU 6)
[QUEUE] dkvmn on assist2015 fold 1 (GPU 7)
[QUEUE] dkvmn on assist2015 fold 2 (GPU 2)
[QUEUE] dkvmn on assist2015 fold 3 (GPU 3)
[QUEUE] dkvmn on assist2015 fold 4 (GPU 4)
[QUEUE] dkvmn on bridge2algebra2006 fold 0 (GPU 5)
[QUEUE] dkvmn on bridge2algebra2006 fold 1 (GPU 6)
[QUEUE] dkvmn on bridge2algebra2006 fold 2 (GPU 7)
[QUEUE] dkvmn on bridge2algebra2006 fold 3 (GPU 2)
[QUEUE] dkvmn on bridge2algebra2006 fold 4 (GPU 3)
[QUEUE] dkvmn on nips_task34 fold 0 (GPU 4)
[QUEUE] dkvmn on nips_task34 fold 1 (GPU 5)
[QUEUE] dkvmn on nips_task34 fold 2 (GPU 6)
[QUEUE] dkvmn on nips_task34 fold 3 (GPU 7)
[QUEUE] dkvmn on nips_task34 fold 4 (GPU 2)
[QUEUE] dkvmn on algebra2005 fold 0 (GPU 3)
[QUEUE] dkvmn on algebra2005 fold 1 (GPU 4)
[QUEUE] dkvmn on algebra2005 fold 2 (GPU 5)
[QUEUE] dkvmn on algebra2005 fold 3 (GPU 6)
[QUEUE] dkvmn on algebra2005 fold 4 (GPU 7)
[QUEUE] atkt on assist2009 fold 0 (GPU 2)
[QUEUE] atkt on assist2009 fold 1 (GPU 3)
[QUEUE] atkt on assist2009 fold 2 (GPU 4)
[QUEUE] atkt on assist2009 fold 3 (GPU 5)
[QUEUE] atkt on assist2009 fold 4 (GPU 6)
[QUEUE] atkt on assist2015 fold 0 (GPU 7)
[QUEUE] atkt on assist2015 fold 1 (GPU 2)
[QUEUE] atkt on assist2015 fold 2 (GPU 3)
[QUEUE] atkt on assist2015 fold 3 (GPU 4)
[QUEUE] atkt on assist2015 fold 4 (GPU 5)
[QUEUE] atkt on bridge2algebra2006 fold 0 (GPU 6)
[QUEUE] atkt on bridge2algebra2006 fold 1 (GPU 7)
[QUEUE] atkt on bridge2algebra2006 fold 2 (GPU 2)
[QUEUE] atkt on bridge2algebra2006 fold 3 (GPU 3)
[QUEUE] atkt on bridge2algebra2006 fold 4 (GPU 4)
[QUEUE] atkt on nips_task34 fold 0 (GPU 5)
[QUEUE] atkt on nips_task34 fold 1 (GPU 6)
[QUEUE] atkt on nips_task34 fold 2 (GPU 7)
[QUEUE] atkt on nips_task34 fold 3 (GPU 2)
[QUEUE] atkt on nips_task34 fold 4 (GPU 3)
[QUEUE] atkt on algebra2005 fold 0 (GPU 4)
[QUEUE] atkt on algebra2005 fold 1 (GPU 5)
[QUEUE] atkt on algebra2005 fold 2 (GPU 6)
[QUEUE] atkt on algebra2005 fold 3 (GPU 7)
[QUEUE] atkt on algebra2005 fold 4 (GPU 2)
[COMPLETE] ('gtransformer', 'assist2009', 0, 2)
[COMPLETE] ('gtransformer', 'assist2015', 1, 2)
[COMPLETE] ('gtransformer', 'assist2009', 1, 2)
[COMPLETE] ('gtransformer', 'assist2015', 2, 2)
Traceback (most recent call last):
  File "examples/run_benchmarks_paper.py", line 664, in main
    for future in as_completed(futures):
  File "/usr/lib/python3.8/concurrent/futures/_base.py", line 244, in as_completed
    waiter.event.wait(wait_timeout)
  File "/usr/lib/python3.8/threading.py", line 558, in wait
    signaled = self._cond.wait(timeout)
  File "/usr/lib/python3.8/threading.py", line 302, in wait
    waiter.acquire()
KeyboardInterrupt

During handling of the above exception, another exception occurred:

Traceback (most recent call last):
  File "examples/run_benchmarks_paper.py", line 1299, in <module>
    main()
  File "examples/run_benchmarks_paper.py", line 665, in main
    print(f"[COMPLETE] {future.result()}")
  File "/usr/lib/python3.8/concurrent/futures/_base.py", line 644, in __exit__
    self.shutdown(wait=True)
  File "/usr/lib/python3.8/concurrent/futures/process.py", line 686, in shutdown
    self._queue_management_thread.join()
  File "/usr/lib/python3.8/threading.py", line 1011, in join
    self._wait_for_tstate_lock()
  File "/usr/lib/python3.8/threading.py", line 1027, in _wait_for_tstate_lock
    elif lock.acquire(block, timeout):
KeyboardInterrupt
Error in atexit._run_exitfuncs:
Traceback (most recent call last):
  File "/usr/lib/python3.8/concurrent/futures/process.py", line 104, in _python_exit
    t.join()
  File "/usr/lib/python3.8/threading.py", line 1011, in join
    self._wait_for_tstate_lock()
  File "/usr/lib/python3.8/threading.py", line 1027, in _wait_for_tstate_lock
    elif lock.acquire(block, timeout):
KeyboardInterrupt
Error in atexit._run_exitfuncs:
Traceback (most recent call last):
  File "/usr/lib/python3.8/multiprocessing/popen_fork.py", line 27, in poll
    pid, sts = os.waitpid(self.pid, flag)
KeyboardInterrupt
--- BENCHMARK TRAINING QUEUE (Concurrency=6) ---
Engine: run_repro_experiment.py (Scientific Alignment Mode, Grouped Folds)
Parameter overrides: {'model_name': 'gtransformer', 'datasets': 'assist2015', 'folds': 0, 'seed': 42, 'd_model': 64, 'n_blocks': 4, 'num_attn_heads': 4, 'dropout': 0.1, 'learning_rate': 0.0003, 'lambda_ref': 0.0, 'ablation': 'all', 'epochs': 200}
[QUEUE] gtransformer on nips_task34 fold 0 (GPU 2)
[QUEUE] gtransformer on nips_task34 fold 1 (GPU 3)
[QUEUE] gtransformer on nips_task34 fold 2 (GPU 4)
[QUEUE] gtransformer on nips_task34 fold 3 (GPU 5)
[QUEUE] gtransformer on nips_task34 fold 4 (GPU 6)
[COMPLETE] ('gtransformer', 'nips_task34', 0, 2)
[COMPLETE] ('gtransformer', 'nips_task34', 1, 2)
[COMPLETE] ('gtransformer', 'nips_task34', 2, 2)
[COMPLETE] ('gtransformer', 'nips_task34', 3, 2)
[COMPLETE] ('gtransformer', 'nips_task34', 4, 2)
